Дзен и искусство ухода за мотоциклом
Дзен и искусство ухода за мотоциклом
Pirsig, Robert M.
read
Oct 02, 2013
Два капитана
Два капитана
Kaverin, Veniamin
read
Mar 18, 2014
Machine Man (online serial)
Machine Man
Barry, Max *
read
Mar 14, 2014
Невыносимая легкость бытия
Невыносимая легкость бытия
Kundera, Milan
read
Feb 06, 2014
Brave New World
Brave New World
Huxley, Aldous
read
Mar 31, 2014
Starship Troopers
Starship Troopers
Heinlein, Robert A.
read
Mar 31, 2014
Мёртвым не больно
Мёртвым не больно
), Василь Быков (Васіль Быкаў, Vasil Bykaw
read
Oct 02, 2013
Желтая стрела
Желтая стрела
Pelevin, Victor
read
Mar 31, 2014
The Restaurant at the End of the Universe (Hitchhiker's Guide, #2)
The Restaurant at the End of the Universe (Hitchhiker's Guide, #2)
Adams, Douglas
to-read
Mar 31, 2014
Childhood's End
Childhood's End
Clarke, Arthur C.
to-read
Mar 31, 2014
Крестный отец
Крестный отец
Puzo, Mario
read
Feb 06, 2014
Last Chance to See
Last Chance to See
Adams, Douglas
read
Mar 31, 2014
The Art of Electronics
The Art of Electronics
Horowitz, Paul
read
Oct 02, 2013
On Writing: A Memoir of the Craft
On Writing: A Memoir of the Craft
King, Stephen *
to-read
Mar 31, 2014
Иуда Искариот
Иуда Искариот
Andreyev, Leonid
to-read
Oct 04, 2013
Do Androids Dream of Electric Sheep?
Do Androids Dream of Electric Sheep?
Dick, Philip K.
read
Mar 31, 2014
Structure and Interpretation of Computer Programs (MIT Electrical Engineering and Computer Science)
Structure and Interpretation of Computer Programs
Abelson, Harold
to-read
Oct 02, 2013
Ночь в тоскливом октябре
Ночь в тоскливом октябре
Zelazny, Roger
read
Mar 31, 2014
Paradise Lost
Paradise Lost
Milton, John
to-read
Mar 31, 2014
The Painted Veil
The Painted Veil
Maugham, W. Somerset
read
Nov 08, 2013
C++ Coding Standards : Rules, Guidelines, and Best Practices
C++ Coding Standards : Rules, Guidelines, and Best Practices
Sutter, Herb
programming
Oct 02, 2013
Effective C++: 55 Specific Ways to Improve Your Programs and Designs
Effective C++: 55 Specific Ways to Improve Your Programs and Designs
Meyers, Scott
to-read
Oct 06, 2013
The Adventures of Sherlock Holmes
The Adventures of Sherlock Holmes
Doyle, Arthur Conan
to-read
Mar 31, 2014
The Quadroon
The Quadroon
Reid, Thomas Mayne
read
Oct 14, 2013
Гадкие лебеди
Гадкие лебеди
Strugatsky, Arkady
read
Oct 02, 2013
Lolita
Lolita
Nabokov, Vladimir
to-read
Mar 31, 2014
451 градус по Фаренгейту
451 градус по Фаренгейту
Bradbury, Ray
read
Oct 02, 2013
Fahrenheit 451
Fahrenheit 451
Bradbury, Ray
read
Mar 31, 2014
The Bell Jar
The Bell Jar
Plath, Sylvia
read
Mar 31, 2014
Design Patterns: Elements of Reusable Object-Oriented Software
Design Patterns: Elements of Reusable Object-Oriented Software
Gamma, Erich
programming
Oct 02, 2013
The Night in Lisbon
The Night in Lisbon
Remarque, Erich Maria
read
Oct 16, 2013
The Hobbit
The Hobbit
Tolkien, J.R.R.
to-read
Mar 31, 2014
Slaughterhouse-Five
Slaughterhouse-Five
Vonnegut, Kurt
read
Mar 31, 2014
I, Robot
I, Robot
Asimov, Isaac
read
Mar 31, 2014
The Picture of Dorian Gray
The Picture of Dorian Gray
Wilde, Oscar
to-read
Mar 31, 2014
2001: A Space Odyssey (Space Odyssey, #1)
2001: A Space Odyssey (Space Odyssey, #1)
Clarke, Arthur C.
to-read
Mar 31, 2014
The Little Prince
The Little Prince
Saint-Exupéry, Antoine de
read
Mar 31, 2014
По ком звонит колокол
По ком звонит колокол
Hemingway, Ernest
read
Oct 02, 2013
Ender's Game (The Ender Quintet, #1)
Ender's Game (The Ender Quintet, #1)
Card, Orson Scott
read
Mar 31, 2014
Собачье сердце
Собачье сердце
Bulgakov, Mikhail
read
Oct 02, 2013
Земля обетованная
Земля обетованная
Remarque, Erich Maria
read
Oct 04, 2013
Три товарища
Три товарища
Remarque, Erich Maria
read
Oct 04, 2013
Mostly Harmless (Hitchhiker's Guide, #5)
Mostly Harmless (Hitchhiker's Guide, #5)
Adams, Douglas
to-read
Mar 31, 2014
The Two Towers (The Lord of the Rings, #2)
The Two Towers (The Lord of the Rings, #2)
Tolkien, J.R.R.
to-read
Oct 11, 2013
The Return of the King (The Lord of the Rings, #3)
The Return of the King (The Lord of the Rings, #3)
Tolkien, J.R.R.
to-read
Oct 11, 2013
The Hitchhiker's Guide to the Galaxy (Hitchhiker's Guide to the Galaxy, #1)
The Hitchhiker's Guide to the Galaxy (Hitchhiker's Guide to the Galaxy, #1)
Adams, Douglas
read
Mar 31, 2014
The Fellowship of the Ring (The Lord of the Rings, #1)
The Fellowship of the Ring (The Lord of the Rings, #1)
Tolkien, J.R.R.
to-read
Oct 11, 2013
Remote: Office Not Required
Remote: Office Not Required
Hansson, David Heinemeier
to-read
Mar 31, 2014
Solaris
Solaris
Lem, Stanisław
read
Oct 14, 2013
Dune (Dune Chronicles, #1)
Dune (Dune Chronicles, #1)
Herbert, Frank
currently-reading
Mar 31, 2014
The C Programming Language
The C Programming Language
Kernighan, Brian W.
programming
Oct 02, 2013
Чистый код: создание, анализ и рефакторинг
Чистый код: создание, анализ и рефакторинг
Martin, Robert C.
programming
Oct 02, 2013
Ночь в Лиссабоне. Тени в раю.
Ночь в Лиссабоне. Тени в раю.
Remarque, Erich Maria
read
Oct 04, 2013
The Martian Chronicles
The Martian Chronicles
Bradbury, Ray
to-read
Mar 31, 2014
A Farewell to Arms
A Farewell to Arms
Hemingway, Ernest
read
Oct 04, 2013
Пикник на обочине. Отель «У погибшего альпиниста». Улитка на склоне
Пикник на обочине. Отель «У погибшего альпиниста». Улитка на склоне
Strugatsky, Arkady
read
Oct 02, 2013
Pro Git
Pro Git
Chacon, Scott
programming
Oct 02, 2013
Затерянные в океане. Морской волчонок
Затерянные в океане. Морской волчонок
Reid, Thomas Mayne
read
Oct 14, 2013
The White Chief
The White Chief
Reid, Thomas Mayne
read
Oct 14, 2013
Далекая радуга
Далекая радуга
Strugatsky, Arkady
read
Oct 02, 2013
Алгоритмы на C++
Алгоритмы на C++
Седжвик, Роберт
programming
Oct 02, 2013
Математическое понимание природы
Математическое понимание природы
Arnol'd, Vladimir I.
to-read
Feb 06, 2014
Ночь в тоскливом октябре
Ночь в тоскливом октябре
Zelazny, Roger
read
Mar 31, 2014
Желтая стрела
Желтая стрела
Pelevin, Victor
read
Mar 31, 2014
Мёртвым не больно
Мёртвым не больно
), Василь Быков (Васіль Быкаў, Vasil Bykaw
read
Oct 02, 2013
Starship Troopers
Starship Troopers
Heinlein, Robert A.
read
Mar 31, 2014
Brave New World
Brave New World
Huxley, Aldous
read
Mar 31, 2014
Невыносимая легкость бытия
Невыносимая легкость бытия
Kundera, Milan
read
Feb 06, 2014
Machine Man (online serial)
Machine Man
Barry, Max *
read
Mar 14, 2014
Два капитана
Два капитана
Kaverin, Veniamin
read
Mar 18, 2014
Дзен и искусство ухода за мотоциклом
Дзен и искусство ухода за мотоциклом
Pirsig, Robert M.
read
Oct 02, 2013
